// Vitest Snapshot v1

exports[`suite > should passes 1`] = `
[
  {
    "output": [
      {
        "code": "'use strict';

var foo = \\"hello world!\\";

const a = () => {
  console.log(\`i'm function A\`);
};

function test() {
  console.log(foo);
}

exports.a = a;
exports.test = test;
",
        "dynamicImports": [],
        "exports": [
          "a",
          "test",
        ],
        "facadeModuleId": "/Users/hao/spaces/projj/github.com/citrus327/rollup-plugin-my-test/test/manifest/index.js",
        "fileName": "bundle.cjs",
        "implicitlyLoadedBefore": [],
        "importedBindings": {},
        "imports": [],
        "isDynamicEntry": false,
        "isEntry": true,
        "isImplicitEntry": false,
        "map": null,
        "moduleIds": [
          "/Users/hao/spaces/projj/github.com/citrus327/rollup-plugin-my-test/test/manifest/foo.js",
          "/Users/hao/spaces/projj/github.com/citrus327/rollup-plugin-my-test/node_modules/.pnpm/a-treeshakable-pkg@1.1.0/node_modules/a-treeshakable-pkg/dist/bundle.esm.js",
          "/Users/hao/spaces/projj/github.com/citrus327/rollup-plugin-my-test/test/manifest/index.js",
        ],
        "modules": {
          "/Users/hao/spaces/projj/github.com/citrus327/rollup-plugin-my-test/node_modules/.pnpm/a-treeshakable-pkg@1.1.0/node_modules/a-treeshakable-pkg/dist/bundle.esm.js": {
            "code": "const a = () => {
  console.log(\`i'm function A\`);
};",
            "originalLength": 185,
            "removedExports": [
              "b",
              "c",
            ],
            "renderedExports": [
              "a",
            ],
            "renderedLength": 53,
          },
          "/Users/hao/spaces/projj/github.com/citrus327/rollup-plugin-my-test/test/manifest/foo.js": {
            "code": "var foo = \\"hello world!\\";",
            "originalLength": 31,
            "removedExports": [],
            "renderedExports": [
              "default",
            ],
            "renderedLength": 25,
          },
          "/Users/hao/spaces/projj/github.com/citrus327/rollup-plugin-my-test/test/manifest/index.js": {
            "code": "function test() {
  console.log(foo);
}",
            "originalLength": 131,
            "removedExports": [],
            "renderedExports": [
              "test",
              "a",
            ],
            "renderedLength": 39,
          },
        },
        "name": "index",
        "referencedFiles": [],
        "type": "chunk",
      },
    ],
  },
  {
    "output": [
      {
        "code": "var foo = \\"hello world!\\";

const a = () => {
  console.log(\`i'm function A\`);
};

function test() {
  console.log(foo);
}

export { a, test };
",
        "dynamicImports": [],
        "exports": [
          "a",
          "test",
        ],
        "facadeModuleId": "/Users/hao/spaces/projj/github.com/citrus327/rollup-plugin-my-test/test/manifest/index.js",
        "fileName": "bundle.mjs",
        "implicitlyLoadedBefore": [],
        "importedBindings": {},
        "imports": [],
        "isDynamicEntry": false,
        "isEntry": true,
        "isImplicitEntry": false,
        "map": null,
        "moduleIds": [
          "/Users/hao/spaces/projj/github.com/citrus327/rollup-plugin-my-test/test/manifest/foo.js",
          "/Users/hao/spaces/projj/github.com/citrus327/rollup-plugin-my-test/node_modules/.pnpm/a-treeshakable-pkg@1.1.0/node_modules/a-treeshakable-pkg/dist/bundle.esm.js",
          "/Users/hao/spaces/projj/github.com/citrus327/rollup-plugin-my-test/test/manifest/index.js",
        ],
        "modules": {
          "/Users/hao/spaces/projj/github.com/citrus327/rollup-plugin-my-test/node_modules/.pnpm/a-treeshakable-pkg@1.1.0/node_modules/a-treeshakable-pkg/dist/bundle.esm.js": {
            "code": "const a = () => {
  console.log(\`i'm function A\`);
};",
            "originalLength": 185,
            "removedExports": [
              "b",
              "c",
            ],
            "renderedExports": [
              "a",
            ],
            "renderedLength": 53,
          },
          "/Users/hao/spaces/projj/github.com/citrus327/rollup-plugin-my-test/test/manifest/foo.js": {
            "code": "var foo = \\"hello world!\\";",
            "originalLength": 31,
            "removedExports": [],
            "renderedExports": [
              "default",
            ],
            "renderedLength": 25,
          },
          "/Users/hao/spaces/projj/github.com/citrus327/rollup-plugin-my-test/test/manifest/index.js": {
            "code": "function test() {
  console.log(foo);
}",
            "originalLength": 131,
            "removedExports": [],
            "renderedExports": [
              "test",
              "a",
            ],
            "renderedLength": 39,
          },
        },
        "name": "index",
        "referencedFiles": [],
        "type": "chunk",
      },
    ],
  },
]
`;
